Algorithm: NUTs 
Weight of the tree: 682.85
Edges in the tree: Antelope_14 Artesia_91 Barstow_215-2 Corona_Del_Mar_73-1 Corona_Del_Mar_73-2 CostaMesa_55-3 Downtown_LA_Tangle EasternToll_241-1 EasternToll_261 FoothillToll_241-2 Foothill_210-1 Foothill_210-3 Foothill_210-4 Foothill_210-5 Foothill_210-6 Foothill_210-7 GardenGrove_22-2 Gardena_91 Glendale_2-2 GoldenState_5-1 GoldenState_5-4 GoldenState_5-6 GoldenState_5-8 GoldenState_5-9 Harbor_110-1 Harbor_110-4 Hollywood_101-1 Hollywood_101-2 LongBeach_710-3 MoVal_60-2 Mojave_15 Moorpark_23 Ontario_15-2 Ontario_15-3 Ontario_15-4 Orange_57-3 Orange_57-4 Pomona_60-1 Pomona_60-2 Pomona_60-3 Pomona_60-4 Reagan_118-1 Reagan_118-3 Riverside_215 Riverside_91-3 Riverside_91-5 Riverside_91-6 Riverside_91-7 SanBernardino_10-1 SanBernardino_10-2 SanBernardino_10-4 SanBernardino_10-5 SanBernardino_10-6 SanDiego_405-11 SanDiego_405-2 SanDiego_405-3 SanDiego_405-4 SanDiego_405-5 SanDiego_405-6 SanDiego_405-7 SanDiego_405-8 SanDiego_405-9 SanDiego_5-1 SanDiego_5-2 SanGabriel_605-1 SanGabriel_605-3 SanGabriel_605-4 SantaAnna_5-2 SantaAnna_5-4 SantaAnna_5-5 SantaAnna_5-6 SantaAnna_5-8 SantaMonica_10-1 SantaMonica_10-3 SeaSide_47 Temecula_15-1 Temecula_15-2 Ventura_101-2 Ventura_101-3 Ventura_134-1 Ventura_134-3 Number of fragments in tree: 4
Fragment 1 contains vertex Alhambra and the following 75 edges: GoldenState_5-6 Ventura_134-1 Ventura_101-3 Ventura_101-2 Moorpark_23 Reagan_118-1 SanDiego_405-2 SanDiego_405-3 SanDiego_405-4 SanDiego_405-5 SanDiego_405-6 SanDiego_405-7 SanDiego_405-8 SanDiego_405-9 Harbor_110-1 SeaSide_47 SantaMonica_10-1 Hollywood_101-1 Hollywood_101-2 GoldenState_5-9 GoldenState_5-8 Glendale_2-2 Ventura_134-3 Foothill_210-3 Foothill_210-4 Foothill_210-5 Foothill_210-6 Foothill_210-7 Barstow_215-2 Riverside_215 SanBernardino_10-2 SanBernardino_10-1 MoVal_60-2 Ontario_15-2 Ontario_15-3 Ontario_15-4 Temecula_15-1 Temecula_15-2 SanBernardino_10-4 SanBernardino_10-5 SanBernardino_10-6 SanGabriel_605-1 Downtown_LA_Tangle SantaMonica_10-3 Harbor_110-4 Pomona_60-1 Pomona_60-2 Pomona_60-3 Pomona_60-4 Orange_57-3 Riverside_91-5 Riverside_91-6 Riverside_91-7 Artesia_91 Gardena_91 Orange_57-4 SantaAnna_5-4 SantaAnna_5-5 SantaAnna_5-6 EasternToll_261 EasternToll_241-1 Riverside_91-3 FoothillToll_241-2 CostaMesa_55-3 SanDiego_405-11 Corona_Del_Mar_73-1 Corona_Del_Mar_73-2 SanDiego_5-1 SantaAnna_5-8 SanDiego_5-2 GardenGrove_22-2 SanGabriel_605-3 SantaAnna_5-2 LongBeach_710-3 SanGabriel_605-4 
Fragment 2 contains vertex Arleta and the following 3 edges: GoldenState_5-4 Reagan_118-3 Foothill_210-1 
Fragment 3 contains vertex Lancaster and the following 2 edges: GoldenState_5-1 Antelope_14 
Fragment 4 contains vertex Devore and the following 1 edges: Mojave_15 
Algorithm: Kruskal's 
Weight of the tree: 559.25
Edges in the tree: Antelope_14 Arroyo_110-1 Barstow_215-2 Century-105-1 Century-105-3 ChinoVal_71-1 Corona_Del_Mar_73-2 CostaMesa_55-3 Downtown_LA_Tangle EasternToll_241-1 EasternToll_261 FoothillToll_241-2 Foothill_210-1 Foothill_210-3 Foothill_210-5 Foothill_210-7 GardenGrove_22-2 Gardena_91 Glendale_2-2 GoldenState_5-1 GoldenState_5-4 GoldenState_5-8 GoldenState_5-9 Harbor_110-1 Harbor_110-2 Harbor_110-4 Hollywood_101-1 Hollywood_170 Laguna_133-1 Laguna_133-2 LongBeach_710-1 LongBeach_710-2 LongBeach_710-4 LongBeach_710-5 MoVal_60-2 Mojave_15 Moorpark_23 Ontario_15-2 Ontario_15-3 Ontario_15-4 Orange_57-1 Orange_57-3 Orange_57-4 Pomona_60-4 Pomona_60-5 Reagan_118-3 Riverside_215 Riverside_91-3 Riverside_91-5 Riverside_91-6 Riverside_91-7 SanBernardino_10-1 SanBernardino_10-2 SanBernardino_10-7 SanDiego_405-11 SanDiego_405-2 SanDiego_405-3 SanDiego_405-4 SanDiego_405-5 SanDiego_405-6 SanDiego_405-9 SanDiego_5-2 SanGabriel_605-1 SanGabriel_605-2 SanGabriel_605-3 SanGabriel_605-4 SanGabriel_605-5 SanGabriel_605-6 SantaAnna_5-2 SantaAnna_5-4 SantaAnna_5-5 SantaAnna_5-6 SantaAnna_5-8 SantaMonica_10-1 SeaSide_47 Temecula_15-1 Temecula_15-2 Ventura_101-2 Ventura_101-3 Ventura_134-1 Ventura_134-3 Number of fragments in tree: 4
Fragment 1 contains vertex Alhambra and the following 75 edges: GoldenState_5-8 Glendale_2-2 Ventura_134-3 Foothill_210-3 GoldenState_5-9 Downtown_LA_Tangle SanBernardino_10-7 LongBeach_710-1 LongBeach_710-2 SantaAnna_5-2 SanGabriel_605-3 SanGabriel_605-2 SanGabriel_605-1 SanGabriel_605-4 SanGabriel_605-5 Riverside_91-7 Riverside_91-6 Riverside_91-5 Orange_57-3 Pomona_60-4 Pomona_60-5 Ontario_15-3 Ontario_15-2 Foothill_210-7 Barstow_215-2 Riverside_215 SanBernardino_10-2 SanBernardino_10-1 MoVal_60-2 Ontario_15-4 Temecula_15-1 Temecula_15-2 ChinoVal_71-1 Orange_57-1 Foothill_210-5 Orange_57-4 SantaAnna_5-4 SantaAnna_5-5 SantaAnna_5-6 EasternToll_261 EasternToll_241-1 Riverside_91-3 FoothillToll_241-2 CostaMesa_55-3 SanDiego_405-11 Laguna_133-1 SantaAnna_5-8 Laguna_133-2 Corona_Del_Mar_73-2 SanDiego_5-2 GardenGrove_22-2 SanGabriel_605-6 SanDiego_405-9 Century-105-1 LongBeach_710-4 Gardena_91 Harbor_110-2 SanDiego_405-6 SanDiego_405-5 SanDiego_405-4 SanDiego_405-3 SanDiego_405-2 SantaMonica_10-1 Century-105-3 Harbor_110-4 Harbor_110-1 SeaSide_47 LongBeach_710-5 Arroyo_110-1 Hollywood_101-1 Ventura_101-3 Ventura_101-2 Moorpark_23 Ventura_134-1 Hollywood_170 
Fragment 2 contains vertex Arleta and the following 3 edges: GoldenState_5-4 Reagan_118-3 Foothill_210-1 
Fragment 3 contains vertex Lancaster and the following 2 edges: GoldenState_5-1 Antelope_14 
Fragment 4 contains vertex Devore and the following 1 edges: Mojave_15 
Algorithm: Prim's 
Weight of the tree: 559.25
Edges in the tree: Antelope_14 Arroyo_110-1 Barstow_215-2 Century-105-1 Century-105-3 ChinoVal_71-1 Corona_Del_Mar_73-2 CostaMesa_55-3 Downtown_LA_Tangle EasternToll_241-1 EasternToll_261 FoothillToll_241-2 Foothill_210-1 Foothill_210-3 Foothill_210-5 Foothill_210-7 GardenGrove_22-2 Gardena_91 Glendale_2-2 GoldenState_5-1 GoldenState_5-4 GoldenState_5-8 GoldenState_5-9 Harbor_110-1 Harbor_110-2 Harbor_110-4 Hollywood_101-1 Hollywood_170 Laguna_133-1 Laguna_133-2 LongBeach_710-1 LongBeach_710-2 LongBeach_710-4 LongBeach_710-5 MoVal_60-2 Mojave_15 Moorpark_23 Ontario_15-2 Ontario_15-3 Ontario_15-4 Orange_57-1 Orange_57-3 Orange_57-4 Pomona_60-4 Pomona_60-5 Reagan_118-1 Reagan_118-3 Riverside_215 Riverside_91-3 Riverside_91-5 Riverside_91-6 Riverside_91-7 SanBernardino_10-1 SanBernardino_10-2 SanBernardino_10-7 SanDiego_405-11 SanDiego_405-2 SanDiego_405-3 SanDiego_405-4 SanDiego_405-5 SanDiego_405-6 SanDiego_405-9 SanDiego_5-2 SanGabriel_605-1 SanGabriel_605-2 SanGabriel_605-3 SanGabriel_605-4 SanGabriel_605-5 SanGabriel_605-6 SantaAnna_5-2 SantaAnna_5-4 SantaAnna_5-5 SantaAnna_5-6 SantaAnna_5-8 SantaMonica_10-1 SeaSide_47 Temecula_15-1 Temecula_15-2 Ventura_101-3 Ventura_134-1 Ventura_134-3 Number of fragments in tree: 4
Fragment 1 contains vertex Alhambra and the following 75 edges: GoldenState_5-8 Glendale_2-2 Ventura_134-3 Foothill_210-3 GoldenState_5-9 Downtown_LA_Tangle SanBernardino_10-7 LongBeach_710-1 LongBeach_710-2 SantaAnna_5-2 SanGabriel_605-3 SanGabriel_605-2 SanGabriel_605-1 SanGabriel_605-4 SanGabriel_605-5 Riverside_91-7 Riverside_91-6 Riverside_91-5 Orange_57-3 Pomona_60-4 Pomona_60-5 Ontario_15-3 Ontario_15-2 Foothill_210-7 Barstow_215-2 Riverside_215 SanBernardino_10-2 SanBernardino_10-1 MoVal_60-2 Ontario_15-4 Temecula_15-1 Temecula_15-2 ChinoVal_71-1 Orange_57-1 Foothill_210-5 Orange_57-4 SantaAnna_5-4 SantaAnna_5-5 SantaAnna_5-6 EasternToll_261 EasternToll_241-1 Riverside_91-3 FoothillToll_241-2 CostaMesa_55-3 SanDiego_405-11 Laguna_133-1 SantaAnna_5-8 Laguna_133-2 Corona_Del_Mar_73-2 SanDiego_5-2 GardenGrove_22-2 SanGabriel_605-6 SanDiego_405-9 Century-105-1 LongBeach_710-4 Gardena_91 Harbor_110-2 SanDiego_405-6 SanDiego_405-5 SanDiego_405-4 SanDiego_405-3 SanDiego_405-2 Reagan_118-1 Moorpark_23 SantaMonica_10-1 Century-105-3 Harbor_110-4 Harbor_110-1 SeaSide_47 LongBeach_710-5 Arroyo_110-1 Hollywood_101-1 Ventura_101-3 Ventura_134-1 Hollywood_170 
Fragment 2 contains vertex Arleta and the following 3 edges: GoldenState_5-4 Reagan_118-3 Foothill_210-1 
Fragment 3 contains vertex Lancaster and the following 2 edges: GoldenState_5-1 Antelope_14 
Fragment 4 contains vertex Devore and the following 1 edges: Mojave_15 
Algorithm: YAMA 
Weight of the tree: 559.25
Edges in the tree: Antelope_14 Arroyo_110-1 Barstow_215-2 Century-105-1 Century-105-3 ChinoVal_71-1 Corona_Del_Mar_73-2 CostaMesa_55-3 Downtown_LA_Tangle EasternToll_241-1 EasternToll_261 FoothillToll_241-2 Foothill_210-1 Foothill_210-3 Foothill_210-5 Foothill_210-7 GardenGrove_22-2 Gardena_91 Glendale_2-2 GoldenState_5-1 GoldenState_5-4 GoldenState_5-8 GoldenState_5-9 Harbor_110-1 Harbor_110-2 Harbor_110-4 Hollywood_101-1 Hollywood_170 Laguna_133-1 Laguna_133-2 LongBeach_710-1 LongBeach_710-2 LongBeach_710-4 LongBeach_710-5 MoVal_60-2 Mojave_15 Moorpark_23 Ontario_15-2 Ontario_15-3 Ontario_15-4 Orange_57-1 Orange_57-3 Orange_57-4 Pomona_60-4 Pomona_60-5 Reagan_118-1 Reagan_118-3 Riverside_215 Riverside_91-3 Riverside_91-5 Riverside_91-6 Riverside_91-7 SanBernardino_10-1 SanBernardino_10-2 SanBernardino_10-7 SanDiego_405-11 SanDiego_405-2 SanDiego_405-3 SanDiego_405-4 SanDiego_405-5 SanDiego_405-6 SanDiego_405-9 SanDiego_5-2 SanGabriel_605-1 SanGabriel_605-2 SanGabriel_605-3 SanGabriel_605-4 SanGabriel_605-5 SanGabriel_605-6 SantaAnna_5-2 SantaAnna_5-4 SantaAnna_5-5 SantaAnna_5-6 SantaAnna_5-8 SantaMonica_10-1 SeaSide_47 Temecula_15-1 Temecula_15-2 Ventura_101-3 Ventura_134-1 Ventura_134-3 Number of fragments in tree: 4
Fragment 1 contains vertex Alhambra and the following 75 edges: GoldenState_5-8 Glendale_2-2 Ventura_134-3 Foothill_210-3 GoldenState_5-9 Downtown_LA_Tangle SanBernardino_10-7 LongBeach_710-1 LongBeach_710-2 SantaAnna_5-2 SanGabriel_605-3 SanGabriel_605-2 SanGabriel_605-1 SanGabriel_605-4 SanGabriel_605-5 Riverside_91-7 Riverside_91-6 Riverside_91-5 Orange_57-3 Pomona_60-4 Pomona_60-5 Ontario_15-3 Ontario_15-2 Foothill_210-7 Barstow_215-2 Riverside_215 SanBernardino_10-2 SanBernardino_10-1 MoVal_60-2 Ontario_15-4 Temecula_15-1 Temecula_15-2 ChinoVal_71-1 Orange_57-1 Foothill_210-5 Orange_57-4 SantaAnna_5-4 SantaAnna_5-5 SantaAnna_5-6 EasternToll_261 EasternToll_241-1 Riverside_91-3 FoothillToll_241-2 CostaMesa_55-3 SanDiego_405-11 Laguna_133-1 SantaAnna_5-8 Laguna_133-2 Corona_Del_Mar_73-2 SanDiego_5-2 GardenGrove_22-2 SanGabriel_605-6 SanDiego_405-9 Century-105-1 LongBeach_710-4 Gardena_91 Harbor_110-2 SanDiego_405-6 SanDiego_405-5 SanDiego_405-4 SanDiego_405-3 SanDiego_405-2 Reagan_118-1 Moorpark_23 SantaMonica_10-1 Century-105-3 Harbor_110-4 Harbor_110-1 SeaSide_47 LongBeach_710-5 Arroyo_110-1 Hollywood_101-1 Ventura_101-3 Ventura_134-1 Hollywood_170 
Fragment 2 contains vertex Arleta and the following 3 edges: GoldenState_5-4 Reagan_118-3 Foothill_210-1 
Fragment 3 contains vertex Lancaster and the following 2 edges: GoldenState_5-1 Antelope_14 
Fragment 4 contains vertex Devore and the following 1 edges: Mojave_15 
